error[E0277]: cannot subtract `Relative<2>` from `Relative<3>`
 --> tests/ui/generated/should_fail/test__kiss_ladder__R3_minus_R2.rs:5:22
  |
5 |    let _ = R3::new() - R2::new();
  |                      ^ no implementation for `Relative<3> - Relative<2>`
  |
  = help: the trait `Sub<Relative<2>>` is not implemented for `Relative<3>`
  = help: the following other types implement trait `Sub<Rhs>`:
            <Relative<0> as Sub<Relative<1>>>
            <Relative<0> as Sub>
            <Relative<1> as Sub<Relative<2>>>
            <Relative<1> as Sub>
            <Relative<2> as Sub<Relative<3>>>
            <Relative<2> as Sub>
            <Relative<3> as Sub<Relative<4>>>
            <Relative<3> as Sub>
