error[E0308]: mismatched types
 --> tests/ui/generated/should_fail/test__unary_wrapper_ladder__R3_plus_R3.rs:5:24
  |
5 |    let _ = R3::new() + R3::new();
  |                        ^^^^^^^^^ expected `RelativeTo<()>`, found `()`
  |
  = note: expected struct `RelativeTo<RelativeTo<RelativeTo<RelativeTo<RelativeTo<()>>>>>`
             found struct `RelativeTo<RelativeTo<RelativeTo<RelativeTo<()>>>>`
