error[E0308]: mismatched types
 --> tests/ui/generated/should_fail/test__unary_wrapper_ladder__R0_plus_R0.rs:5:24
  |
5 |    let _ = R0::new() + R0::new();
  |            ---------   ^^^^^^^^^ expected `RelativeTo<RelativeTo<()>>`, found `RelativeTo<()>`
  |            |
  |            expected because this is `RelativeTo<()>`
  |
  = note: expected struct `RelativeTo<RelativeTo<()>>`
             found struct `RelativeTo<()>`
