error[E0308]: mismatched types
 --> tests/ui/generated/should_fail/test__kiss_ladder__R1_plus_R1.rs:5:24
  |
5 |    let _ = R1::new() + R1::new();
  |                        ^^^^^^^^^ expected `2`, found `1`
  |
  = note: expected struct `Relative<2>`
             found struct `Relative<1>`
