error[E0308]: mismatched types
 --> tests/ui/generated/should_fail/test__kiss_ladder__R0_plus_R2.rs:5:24
  |
5 |    let _ = R0::new() + R2::new();
  |                        ^^^^^^^^^ expected `1`, found `2`
  |
  = note: expected struct `Relative<1>`
             found struct `Relative<2>`
